SYSTEM ARTIFACT SCAN REPORT
Started: 03/06/2026 00:16:53
Drive: C:\
AgentCount: 4
OutputFolder: C:\Tools
RunAsAdmin: YES
IncludeHashes: False
Extensions: .exe, .dll, .bat, .cmd, .msi

Starting Agent 1 with 8 root target(s).
Starting Agent 2 with 8 root target(s).
Starting Agent 3 with 8 root target(s).
Starting Agent 4 with 8 root target(s).

AGENT RESULTS
Agent 1 found 98155 file(s).
Agent 2 found 30837 file(s).
Agent 3 found 16123 file(s).
Agent 4 found 50367 file(s).

TYPE COUNTS
.bat = 545
.cmd = 917
.dll = 85039
.exe = 10739
.msi = 501

TOTAL FILES FOUND: 97741
CSV: C:\Tools\system_artifacts_20260306_001653.csv
JSON: C:\Tools\system_artifacts_20260306_001653.json
ALL PATHS TXT: C:\Tools\ALL_SYSTEM_ARTIFACT_PATHS_20260306_001653.txt
EXE PATHS TXT: C:\Tools\ALL_EXE_PATHS_20260306_001653.txt
DLL PATHS TXT: C:\Tools\ALL_DLL_PATHS_20260306_001653.txt
BAT PATHS TXT: C:\Tools\ALL_BAT_PATHS_20260306_001653.txt
CMD PATHS TXT: C:\Tools\ALL_CMD_PATHS_20260306_001653.txt
MSI PATHS TXT: C:\Tools\ALL_MSI_PATHS_20260306_001653.txt
TYPE COUNTS CSV: C:\Tools\system_artifact_type_counts_20260306_001653.csv
FOLDER COUNTS CSV: C:\Tools\system_artifact_folder_counts_20260306_001653.csv
SUMMARY: C:\Tools\SYSTEM_ARTIFACT_SCAN_SUMMARY_20260306_001653.txt
Finished: 03/06/2026 00:30:06
